/region_flags/ad.webp
/region_flags/ae.webp
/region_flags/af.webp
/region_flags/ag.webp
/region_flags/ai.webp
/region_flags/al.webp
/region_flags/am.webp
/region_flags/ao.webp
/region_flags/aq.webp
/region_flags/ar.webp
/region_flags/as.webp
/region_flags/at.webp
/region_flags/au.webp
/region_flags/aw.webp
/region_flags/ax.webp
/region_flags/az.webp
/region_flags/ba.webp
/region_flags/bb.webp
/region_flags/bd.webp
/region_flags/be.webp
/region_flags/bf.webp
/region_flags/bg.webp
/region_flags/bh.webp
/region_flags/bi.webp
/region_flags/bj.webp
/region_flags/bl.webp
/region_flags/bm.webp
/region_flags/bn.webp
/region_flags/bo.webp
/region_flags/bq.webp
/region_flags/br.webp
/region_flags/bs.webp
/region_flags/bt.webp
/region_flags/bv.webp
/region_flags/bw.webp
/region_flags/by.webp
/region_flags/bz.webp
/region_flags/ca.webp
/region_flags/cc.webp
/region_flags/cd.webp
/region_flags/cf.webp
/region_flags/cg.webp
/region_flags/ch.webp
/region_flags/ci.webp
/region_flags/ck.webp
/region_flags/cl.webp
/region_flags/cm.webp
/region_flags/cn.webp
/region_flags/co.webp
/region_flags/cr.webp
/region_flags/cu.webp
/region_flags/cv.webp
/region_flags/cw.webp
/region_flags/cx.webp
/region_flags/cy.webp
/region_flags/cz.webp
/region_flags/de.webp
/region_flags/dj.webp
/region_flags/dk.webp
/region_flags/dm.webp
/region_flags/do.webp
/region_flags/dz.webp
/region_flags/ec.webp
/region_flags/ee.webp
/region_flags/eg.webp
/region_flags/eh.webp
/region_flags/er.webp
/region_flags/es.webp
/region_flags/et.webp
/region_flags/fi.webp
/region_flags/fj.webp
/region_flags/fk.webp
/region_flags/fm.webp
/region_flags/fo.webp
/region_flags/fr.webp
/region_flags/ga.webp
/region_flags/gb-eng.webp
/region_flags/gb-nir.webp
/region_flags/gb-sct.webp
/region_flags/gb-wls.webp
/region_flags/gb.webp
/region_flags/gd.webp
/region_flags/ge.webp
/region_flags/gf.webp
/region_flags/gg.webp
/region_flags/gh.webp
/region_flags/gi.webp
/region_flags/gl.webp
/region_flags/gm.webp
/region_flags/gn.webp
/region_flags/gp.webp
/region_flags/gq.webp
/region_flags/gr.webp
/region_flags/gs.webp
/region_flags/gt.webp
/region_flags/gu.webp
/region_flags/gw.webp
/region_flags/gy.webp
/region_flags/hk.webp
/region_flags/hm.webp
/region_flags/hn.webp
/region_flags/hr.webp
/region_flags/ht.webp
/region_flags/hu.webp
/region_flags/id.webp
/region_flags/ie.webp
/region_flags/il.webp
/region_flags/im.webp
/region_flags/in.webp
/region_flags/io.webp
/region_flags/iq.webp
/region_flags/ir.webp
/region_flags/is.webp
/region_flags/it.webp
/region_flags/je.webp
/region_flags/jm.webp
/region_flags/jo.webp
/region_flags/jp.webp
/region_flags/ke.webp
/region_flags/kg.webp
/region_flags/kh.webp
/region_flags/ki.webp
/region_flags/km.webp
/region_flags/kn.webp
/region_flags/kp.webp
/region_flags/kr.webp
/region_flags/kw.webp
/region_flags/ky.webp
/region_flags/kz.webp
/region_flags/la.webp
/region_flags/lb.webp
/region_flags/lc.webp
/region_flags/li.webp
/region_flags/lk.webp
/region_flags/lr.webp
/region_flags/ls.webp
/region_flags/lt.webp
/region_flags/lu.webp
/region_flags/lv.webp
/region_flags/ly.webp
/region_flags/ma.webp
/region_flags/mc.webp
/region_flags/md.webp
/region_flags/me.webp
/region_flags/mf.webp
/region_flags/mg.webp
/region_flags/mh.webp
/region_flags/mk.webp
/region_flags/ml.webp
/region_flags/mm.webp
/region_flags/mn.webp
/region_flags/mo.webp
/region_flags/mp.webp
/region_flags/mq.webp
/region_flags/mr.webp
/region_flags/ms.webp
/region_flags/mt.webp
/region_flags/mu.webp
/region_flags/mv.webp
/region_flags/mw.webp
/region_flags/mx.webp
/region_flags/my.webp
/region_flags/mz.webp
/region_flags/na.webp
/region_flags/nc.webp
/region_flags/ne.webp
/region_flags/nf.webp
/region_flags/ng.webp
/region_flags/ni.webp
/region_flags/nl.webp
/region_flags/no.webp
/region_flags/np.webp
/region_flags/nr.webp
/region_flags/nu.webp
/region_flags/nz.webp
/region_flags/om.webp
/region_flags/pa.webp
/region_flags/pe.webp
/region_flags/pf.webp
/region_flags/pg.webp
/region_flags/ph.webp
/region_flags/pk.webp
/region_flags/pl.webp
/region_flags/pm.webp
/region_flags/pn.webp
/region_flags/pr.webp
/region_flags/ps.webp
/region_flags/pt.webp
/region_flags/pw.webp
/region_flags/py.webp
/region_flags/qa.webp
/region_flags/re.webp
/region_flags/ro.webp
/region_flags/rs.webp
/region_flags/ru.webp
/region_flags/rw.webp
/region_flags/sa.webp
/region_flags/sb.webp
/region_flags/sc.webp
/region_flags/sd.webp
/region_flags/se.webp
/region_flags/sg.webp
/region_flags/sh.webp
/region_flags/si.webp
/region_flags/sj.webp
/region_flags/sk.webp
/region_flags/sl.webp
/region_flags/sm.webp
/region_flags/sn.webp
/region_flags/so.webp
/region_flags/sr.webp
/region_flags/ss.webp
/region_flags/st.webp
/region_flags/sv.webp
/region_flags/sx.webp
/region_flags/sy.webp
/region_flags/sz.webp
/region_flags/tc.webp
/region_flags/td.webp
/region_flags/tf.webp
/region_flags/tg.webp
/region_flags/th.webp
/region_flags/tj.webp
/region_flags/tk.webp
/region_flags/tl.webp
/region_flags/tm.webp
/region_flags/tn.webp
/region_flags/to.webp
/region_flags/tr.webp
/region_flags/tt.webp
/region_flags/tv.webp
/region_flags/tw.webp
/region_flags/tz.webp
/region_flags/ua.webp
/region_flags/ug.webp
/region_flags/um.webp
/region_flags/us.webp
/region_flags/uy.webp
/region_flags/uz.webp
/region_flags/va.webp
/region_flags/vc.webp
/region_flags/ve.webp
/region_flags/vg.webp
/region_flags/vi.webp
/region_flags/vn.webp
/region_flags/vu.webp
/region_flags/wf.webp
/region_flags/ws.webp
/region_flags/xk.webp
/region_flags/ye.webp
/region_flags/yt.webp
/region_flags/za.webp
/region_flags/zm.webp
/region_flags/zw.webp
