/region_flags/ad.png
/region_flags/ae.png
/region_flags/af.png
/region_flags/ag.png
/region_flags/ai.png
/region_flags/al.png
/region_flags/am.png
/region_flags/ao.png
/region_flags/aq.png
/region_flags/ar.png
/region_flags/as.png
/region_flags/at.png
/region_flags/au.png
/region_flags/aw.png
/region_flags/ax.png
/region_flags/az.png
/region_flags/ba.png
/region_flags/bb.png
/region_flags/bd.png
/region_flags/be.png
/region_flags/bf.png
/region_flags/bg.png
/region_flags/bh.png
/region_flags/bi.png
/region_flags/bj.png
/region_flags/bl.png
/region_flags/bm.png
/region_flags/bn.png
/region_flags/bo.png
/region_flags/bq.png
/region_flags/br.png
/region_flags/bs.png
/region_flags/bt.png
/region_flags/bv.png
/region_flags/bw.png
/region_flags/by.png
/region_flags/bz.png
/region_flags/ca.png
/region_flags/cc.png
/region_flags/cd.png
/region_flags/cf.png
/region_flags/cg.png
/region_flags/ch.png
/region_flags/ci.png
/region_flags/ck.png
/region_flags/cl.png
/region_flags/cm.png
/region_flags/cn.png
/region_flags/co.png
/region_flags/cr.png
/region_flags/cu.png
/region_flags/cv.png
/region_flags/cw.png
/region_flags/cx.png
/region_flags/cy.png
/region_flags/cz.png
/region_flags/de.png
/region_flags/dj.png
/region_flags/dk.png
/region_flags/dm.png
/region_flags/do.png
/region_flags/dz.png
/region_flags/ec.png
/region_flags/ee.png
/region_flags/eg.png
/region_flags/eh.png
/region_flags/er.png
/region_flags/es.png
/region_flags/et.png
/region_flags/fi.png
/region_flags/fj.png
/region_flags/fk.png
/region_flags/fm.png
/region_flags/fo.png
/region_flags/fr.png
/region_flags/ga.png
/region_flags/gb-eng.png
/region_flags/gb-nir.png
/region_flags/gb-sct.png
/region_flags/gb-wls.png
/region_flags/gb.png
/region_flags/gd.png
/region_flags/ge.png
/region_flags/gf.png
/region_flags/gg.png
/region_flags/gh.png
/region_flags/gi.png
/region_flags/gl.png
/region_flags/gm.png
/region_flags/gn.png
/region_flags/gp.png
/region_flags/gq.png
/region_flags/gr.png
/region_flags/gs.png
/region_flags/gt.png
/region_flags/gu.png
/region_flags/gw.png
/region_flags/gy.png
/region_flags/hk.png
/region_flags/hm.png
/region_flags/hn.png
/region_flags/hr.png
/region_flags/ht.png
/region_flags/hu.png
/region_flags/id.png
/region_flags/ie.png
/region_flags/il.png
/region_flags/im.png
/region_flags/in.png
/region_flags/io.png
/region_flags/iq.png
/region_flags/ir.png
/region_flags/is.png
/region_flags/it.png
/region_flags/je.png
/region_flags/jm.png
/region_flags/jo.png
/region_flags/jp.png
/region_flags/ke.png
/region_flags/kg.png
/region_flags/kh.png
/region_flags/ki.png
/region_flags/km.png
/region_flags/kn.png
/region_flags/kp.png
/region_flags/kr.png
/region_flags/kw.png
/region_flags/ky.png
/region_flags/kz.png
/region_flags/la.png
/region_flags/lb.png
/region_flags/lc.png
/region_flags/li.png
/region_flags/lk.png
/region_flags/lr.png
/region_flags/ls.png
/region_flags/lt.png
/region_flags/lu.png
/region_flags/lv.png
/region_flags/ly.png
/region_flags/ma.png
/region_flags/mc.png
/region_flags/md.png
/region_flags/me.png
/region_flags/mf.png
/region_flags/mg.png
/region_flags/mh.png
/region_flags/mk.png
/region_flags/ml.png
/region_flags/mm.png
/region_flags/mn.png
/region_flags/mo.png
/region_flags/mp.png
/region_flags/mq.png
/region_flags/mr.png
/region_flags/ms.png
/region_flags/mt.png
/region_flags/mu.png
/region_flags/mv.png
/region_flags/mw.png
/region_flags/mx.png
/region_flags/my.png
/region_flags/mz.png
/region_flags/na.png
/region_flags/nc.png
/region_flags/ne.png
/region_flags/nf.png
/region_flags/ng.png
/region_flags/ni.png
/region_flags/nl.png
/region_flags/no.png
/region_flags/np.png
/region_flags/nr.png
/region_flags/nu.png
/region_flags/nz.png
/region_flags/om.png
/region_flags/pa.png
/region_flags/pe.png
/region_flags/pf.png
/region_flags/pg.png
/region_flags/ph.png
/region_flags/pk.png
/region_flags/pl.png
/region_flags/pm.png
/region_flags/pn.png
/region_flags/pr.png
/region_flags/ps.png
/region_flags/pt.png
/region_flags/pw.png
/region_flags/py.png
/region_flags/qa.png
/region_flags/re.png
/region_flags/ro.png
/region_flags/rs.png
/region_flags/ru.png
/region_flags/rw.png
/region_flags/sa.png
/region_flags/sb.png
/region_flags/sc.png
/region_flags/sd.png
/region_flags/se.png
/region_flags/sg.png
/region_flags/sh.png
/region_flags/si.png
/region_flags/sj.png
/region_flags/sk.png
/region_flags/sl.png
/region_flags/sm.png
/region_flags/sn.png
/region_flags/so.png
/region_flags/sr.png
/region_flags/ss.png
/region_flags/st.png
/region_flags/sv.png
/region_flags/sx.png
/region_flags/sy.png
/region_flags/sz.png
/region_flags/tc.png
/region_flags/td.png
/region_flags/tf.png
/region_flags/tg.png
/region_flags/th.png
/region_flags/tj.png
/region_flags/tk.png
/region_flags/tl.png
/region_flags/tm.png
/region_flags/tn.png
/region_flags/to.png
/region_flags/tr.png
/region_flags/tt.png
/region_flags/tv.png
/region_flags/tw.png
/region_flags/tz.png
/region_flags/ua.png
/region_flags/ug.png
/region_flags/um.png
/region_flags/us.png
/region_flags/uy.png
/region_flags/uz.png
/region_flags/va.png
/region_flags/vc.png
/region_flags/ve.png
/region_flags/vg.png
/region_flags/vi.png
/region_flags/vn.png
/region_flags/vu.png
/region_flags/wf.png
/region_flags/ws.png
/region_flags/xk.png
/region_flags/ye.png
/region_flags/yt.png
/region_flags/za.png
/region_flags/zm.png
/region_flags/zw.png
